jInst/visitors/utils/ReturnFlag.class
jInst/profiler/MethodOrientedProfiler.class
jInst/visitors/WhileChangerVisitor.class
jInst/visitors/SwitchEntryChangerVisitor.class
jInst/visitors/MethodChangerVisitor.class
jInst/visitors/SynchChangerVisitor.class
jInst/util/FileUtils.class
jInst/visitors/utils/ClassDefs.class
jInst/visitors/ActivityChangerVisitor.class
jInst/profiler/trepn/TrepnTestOrientedProfiler.class
jInst/visitors/TestChangerVisitor.class
jInst/JInst.class
jInst/visitors/ClassOrInterfaceVisitor.class
jInst/visitors/CatchChangerVisitor.class
jInst/profiler/TestOrientedProfiler.class
jInst/transform/InstrumentGradleHelper.class
jInst/profiler/Profiler.class
jInst/visitors/TryChangerVisitor.class
jInst/util/ClassM.class
jInst/transform/InstrumentHelper.class
jInst/visitors/ReturnFinder.class
jInst/profiler/ProfilerAbstractFactory.class
jInst/visitors/ForChangerVisitor.class
jInst/util/XMLParser.class
jInst/visitors/ReturnVisitor.class
jInst/visitors/GenericBlockVisitor.class
jInst/profiler/trepn/TrepnProfilerFactory.class
jInst/visitors/IfChangerVisitor.class
jInst/tester.class
jInst/profiler/trepn/TrepnMethodOrientedProfiler.class
jInst/visitors/MethodVisitor.class
jInst/util/PackageM.class
