/home/rrua/Desktop/glab/greenlab-work/work/ruirua/jInst novo/jInst/src/main/java/jInst/profiler/TestOrientedProfiler.java
/home/rrua/Desktop/glab/greenlab-work/work/ruirua/jInst novo/jInst/src/main/java/jInst/JInst.java
/home/rrua/Desktop/glab/greenlab-work/work/ruirua/jInst novo/jInst/src/main/java/jInst/util/XMLParser.java
/home/rrua/Desktop/glab/greenlab-work/work/ruirua/jInst novo/jInst/src/main/java/jInst/visitors/utils/ClassDefs.java
/home/rrua/Desktop/glab/greenlab-work/work/ruirua/jInst novo/jInst/src/main/java/jInst/visitors/GenericBlockVisitor.java
/home/rrua/Desktop/glab/greenlab-work/work/ruirua/jInst novo/jInst/src/main/java/jInst/profiler/MethodOrientedProfiler.java
/home/rrua/Desktop/glab/greenlab-work/work/ruirua/jInst novo/jInst/src/main/java/jInst/transform/InstrumentHelper.java
/home/rrua/Desktop/glab/greenlab-work/work/ruirua/jInst novo/jInst/src/main/java/jInst/visitors/ClassOrInterfaceVisitor.java
/home/rrua/Desktop/glab/greenlab-work/work/ruirua/jInst novo/jInst/src/main/java/jInst/profiler/Profiler.java
/home/rrua/Desktop/glab/greenlab-work/work/ruirua/jInst novo/jInst/src/main/java/jInst/visitors/MethodVisitor.java
/home/rrua/Desktop/glab/greenlab-work/work/ruirua/jInst novo/jInst/src/main/java/jInst/profiler/trepn/TrepnProfilerFactory.java
/home/rrua/Desktop/glab/greenlab-work/work/ruirua/jInst novo/jInst/src/main/java/jInst/visitors/CatchChangerVisitor.java
/home/rrua/Desktop/glab/greenlab-work/work/ruirua/jInst novo/jInst/src/main/java/jInst/visitors/ForChangerVisitor.java
/home/rrua/Desktop/glab/greenlab-work/work/ruirua/jInst novo/jInst/src/main/java/jInst/visitors/SynchChangerVisitor.java
/home/rrua/Desktop/glab/greenlab-work/work/ruirua/jInst novo/jInst/src/main/java/jInst/visitors/ReturnVisitor.java
/home/rrua/Desktop/glab/greenlab-work/work/ruirua/jInst novo/jInst/src/main/java/jInst/profiler/ProfilerAbstractFactory.java
/home/rrua/Desktop/glab/greenlab-work/work/ruirua/jInst novo/jInst/src/main/java/jInst/visitors/IfChangerVisitor.java
/home/rrua/Desktop/glab/greenlab-work/work/ruirua/jInst novo/jInst/src/main/java/jInst/tester.java
/home/rrua/Desktop/glab/greenlab-work/work/ruirua/jInst novo/jInst/src/main/java/jInst/visitors/TestChangerVisitor.java
/home/rrua/Desktop/glab/greenlab-work/work/ruirua/jInst novo/jInst/src/main/java/jInst/visitors/utils/ReturnFlag.java
/home/rrua/Desktop/glab/greenlab-work/work/ruirua/jInst novo/jInst/src/main/java/jInst/visitors/MethodChangerVisitor.java
/home/rrua/Desktop/glab/greenlab-work/work/ruirua/jInst novo/jInst/src/main/java/jInst/util/ClassM.java
/home/rrua/Desktop/glab/greenlab-work/work/ruirua/jInst novo/jInst/src/main/java/jInst/profiler/trepn/TrepnTestOrientedProfiler.java
/home/rrua/Desktop/glab/greenlab-work/work/ruirua/jInst novo/jInst/src/main/java/jInst/transform/InstrumentGradleHelper.java
/home/rrua/Desktop/glab/greenlab-work/work/ruirua/jInst novo/jInst/src/main/java/jInst/visitors/ReturnFinder.java
/home/rrua/Desktop/glab/greenlab-work/work/ruirua/jInst novo/jInst/src/main/java/jInst/profiler/trepn/TrepnMethodOrientedProfiler.java
/home/rrua/Desktop/glab/greenlab-work/work/ruirua/jInst novo/jInst/src/main/java/jInst/util/FileUtils.java
/home/rrua/Desktop/glab/greenlab-work/work/ruirua/jInst novo/jInst/src/main/java/jInst/visitors/ActivityChangerVisitor.java
/home/rrua/Desktop/glab/greenlab-work/work/ruirua/jInst novo/jInst/src/main/java/jInst/visitors/WhileChangerVisitor.java
/home/rrua/Desktop/glab/greenlab-work/work/ruirua/jInst novo/jInst/src/main/java/jInst/util/PackageM.java
/home/rrua/Desktop/glab/greenlab-work/work/ruirua/jInst novo/jInst/src/main/java/jInst/visitors/TryChangerVisitor.java
/home/rrua/Desktop/glab/greenlab-work/work/ruirua/jInst novo/jInst/src/main/java/jInst/visitors/SwitchEntryChangerVisitor.java
